// Jest Snapshot v1, https://goo.gl/fbAQLP

exports[`PlanCardsSeparator tests Render PlanCardsSeparator 1`] = `
<View
  style={
    {
      "height": 15,
    }
  }
/>
`;
