// Jest Snapshot v1, https://goo.gl/fbAQLP

exports[`ExercisesList tests Render ExercisesList 1`] = `
<View
  style={
    {
      "alignItems": "stretch",
      "backgroundColor": "#fff",
      "flex": 1,
      "justifyContent": "center",
      "width": "85%",
    }
  }
>
  <RCTScrollView
    ItemSeparatorComponent={[Function]}
    data={
      [
        {
          "kgs": "5",
          "name": "Squats",
          "repetitions": "12",
          "sets": "4",
        },
        {
          "kgs": "2",
          "name": "Pushups",
          "repetitions": "15",
          "sets": "3",
        },
      ]
    }
    getItem={[Function]}
    getItemCount={[Function]}
    keyExtractor={[Function]}
    onContentSizeChange={[Function]}
    onLayout={[Function]}
    onMomentumScrollBegin={[Function]}
    onMomentumScrollEnd={[Function]}
    onScroll={[Function]}
    onScrollBeginDrag={[Function]}
    onScrollEndDrag={[Function]}
    removeClippedSubviews={false}
    renderItem={[Function]}
    scrollEventThrottle={50}
    stickyHeaderIndices={[]}
    viewabilityConfigCallbackPairs={[]}
  >
    <View>
      <View
        onFocusCapture={[Function]}
        onLayout={[Function]}
        style={null}
      >
        <View
          style={
            {
              "alignItems": "center",
              "backgroundColor": "#eee",
              "borderRadius": 10,
              "flex": 1,
              "justifyContent": "center",
              "padding": 10,
            }
          }
        >
          <Text
            style={
              {
                "fontSize": 17,
                "fontWeight": "bold",
              }
            }
          >
            Squats
          </Text>
          <View
            style={
              {
                "alignContent": "center",
                "flexDirection": "row",
                "justifyContent": "center",
                "paddingLeft": 10,
                "paddingRight": 10,
                "paddingTop": 5,
              }
            }
          >
            <View
              getItem={[Function]}
              getItemCount={[Function]}
              keyExtractor={[Function]}
              onContentSizeChange={[Function]}
              onLayout={[Function]}
              onMomentumScrollBegin={[Function]}
              onMomentumScrollEnd={[Function]}
              onScroll={[Function]}
              onScrollBeginDrag={[Function]}
              onScrollEndDrag={[Function]}
              removeClippedSubviews={false}
              renderItem={[Function]}
              scrollEventThrottle={50}
              stickyHeaderIndices={[]}
              viewabilityConfigCallbackPairs={[]}
            />
          </View>
        </View>
        <View
          style={
            {
              "height": 15,
            }
          }
        />
      </View>
      <View
        onFocusCapture={[Function]}
        onLayout={[Function]}
        style={null}
      >
        <View
          style={
            {
              "alignItems": "center",
              "backgroundColor": "#eee",
              "borderRadius": 10,
              "flex": 1,
              "justifyContent": "center",
              "padding": 10,
            }
          }
        >
          <Text
            style={
              {
                "fontSize": 17,
                "fontWeight": "bold",
              }
            }
          >
            Pushups
          </Text>
          <View
            style={
              {
                "alignContent": "center",
                "flexDirection": "row",
                "justifyContent": "center",
                "paddingLeft": 10,
                "paddingRight": 10,
                "paddingTop": 5,
              }
            }
          >
            <View
              getItem={[Function]}
              getItemCount={[Function]}
              keyExtractor={[Function]}
              onContentSizeChange={[Function]}
              onLayout={[Function]}
              onMomentumScrollBegin={[Function]}
              onMomentumScrollEnd={[Function]}
              onScroll={[Function]}
              onScrollBeginDrag={[Function]}
              onScrollEndDrag={[Function]}
              removeClippedSubviews={false}
              renderItem={[Function]}
              scrollEventThrottle={50}
              stickyHeaderIndices={[]}
              viewabilityConfigCallbackPairs={[]}
            />
          </View>
        </View>
      </View>
    </View>
  </RCTScrollView>
</View>
`;
