// Jest Snapshot v1, https://goo.gl/fbAQLP

exports[`PlanCard tests Render PlanCard 1`] = `
<View
  style={
    Object {
      "alignItems": "center",
      "backgroundColor": "#eee",
      "borderRadius": 10,
      "flex": 1,
      "justifyContent": "center",
      "marginTop": 20,
      "padding": 10,
    }
  }
>
  <View
    accessible={true}
    focusable={true}
    onClick={[Function]}
    onResponderGrant={[Function]}
    onResponderMove={[Function]}
    onResponderRelease={[Function]}
    onResponderTerminate={[Function]}
    onResponderTerminationRequest={[Function]}
    onStartShouldSetResponder={[Function]}
    style={
      Object {
        "opacity": 1,
      }
    }
  >
    <Text
      style={
        Object {
          "fontSize": 18,
          "fontWeight": "bold",
        }
      }
    >
      test plan
    </Text>
    <Text>
      3
       
      daysWeek
    </Text>
    <Text>
      createdAt
       
      October 21st, 2020
    </Text>
  </View>
</View>
`;
